Copyright 1986-2014 Xilinx, Inc. All Rights Reserved.
--------------------------------------------------------------------------------------------
| Tool Version : Vivado v.2014.2 (win64) Build 928826 Thu Jun  5 18:17:50 MDT 2014
| Date         : Sat Jun 07 13:13:09 2014
| Host         : XCOJAMESM22 running 64-bit Service Pack 1  (build 7601)
| Command      : report_clock_utilization -file system_wrapper_clock_utilization_placed.rpt
| Design       : system_wrapper
| Device       : xc7k325t
--------------------------------------------------------------------------------------------

Clock Utilization Report

Table of Contents
-----------------
1. Clock Primitive Utilization
2. Details of Global Clocks
3. Details of Regional Clocks
4. Details of Multi-Regional Clocks
5. Details of I/O Clocks
6. Details of Local Clocks
7. Clock Regions : Key Resource Utilization
8. Net wise resources used in clock region X0Y1
9. Net wise resources used in clock region X1Y1
10. Net wise resources used in clock region X0Y2
11. Net wise resources used in clock region X1Y2
12. Net wise resources used in clock region X0Y3
13. Net wise resources used in clock region X0Y5

1. Clock Primitive Utilization
------------------------------

+-------+------+-----------+-----------+
| Type  | Used | Available | Num Fixed |
+-------+------+-----------+-----------+
| BUFG  |    5 |        32 |         0 |
| BUFH  |    0 |       168 |         0 |
| BUFIO |    0 |        40 |         0 |
| MMCM  |    1 |        10 |         0 |
| PLL   |    0 |        10 |         0 |
| BUFR  |    0 |        40 |         0 |
| BUFMR |    0 |        20 |         0 |
+-------+------+-----------+-----------+


2. Details of Global Clocks
---------------------------

+-------+-----------------------------------------------+---------------------------------------------------------+--------------+-------+---------------+-----------+
|       |                                               |                                                         |   Num Loads  |       |               |           |
+-------+-----------------------------------------------+---------------------------------------------------------+------+-------+-------+---------------+-----------+
| Index | BUFG Cell                                     | Net Name                                                | BELs | Sites | Fixed | MaxDelay (ns) | Skew (ns) |
+-------+-----------------------------------------------+---------------------------------------------------------+------+-------+-------+---------------+-----------+
|     1 | system_i/clk_wiz_1/inst/clkf_buf              | system_i/clk_wiz_1/inst/clkfbout_buf_system_clk_wiz_1_0 |    1 |     1 |    no |         1.697 |     0.085 |
|     2 | system_i/mdm_1/U0/Ext_JTAG_UPDATE_BUFG_inst   | system_i/mdm_1/U0/Ext_JTAG_UPDATE                       |   42 |    18 |    no |         1.579 |     0.144 |
|     3 | system_i/mdm_1/U0/No_Dbg_Reg_Access.BUFG_DRCK | system_i/mdm_1/U0/Ext_JTAG_DRCK                         |  274 |   101 |    no |         1.614 |     0.332 |
|     4 | system_i/clk_wiz_1/inst/clkout2_buf           | system_i/clk_wiz_1/inst/clk_out2                        |  404 |   114 |    no |         1.729 |     0.319 |
|     5 | system_i/clk_wiz_1/inst/clkout1_buf           | system_i/clk_wiz_1/inst/clk_out1                        | 3699 |  1328 |    no |         1.787 |     0.528 |
+-------+-----------------------------------------------+---------------------------------------------------------+------+-------+-------+---------------+-----------+


+-------+---------------------------------------+-----------------------------------------------------+--------------+-------+---------------+-----------+
|       |                                       |                                                     |   Num Loads  |       |               |           |
+-------+---------------------------------------+-----------------------------------------------------+------+-------+-------+---------------+-----------+
| Index | MMCM Cell                             | Net Name                                            | BELs | Sites | Fixed | MaxDelay (ns) | Skew (ns) |
+-------+---------------------------------------+-----------------------------------------------------+------+-------+-------+---------------+-----------+
|     1 | system_i/clk_wiz_1/inst/mmcm_adv_inst | system_i/clk_wiz_1/inst/clk_out1_system_clk_wiz_1_0 |    1 |     1 |    no |         2.130 |     0.106 |
|     2 | system_i/clk_wiz_1/inst/mmcm_adv_inst | system_i/clk_wiz_1/inst/clk_out2_system_clk_wiz_1_0 |    1 |     1 |    no |         2.130 |     0.106 |
|     3 | system_i/clk_wiz_1/inst/mmcm_adv_inst | system_i/clk_wiz_1/inst/clkfbout_system_clk_wiz_1_0 |    1 |     1 |    no |         2.130 |     0.106 |
+-------+---------------------------------------+-----------------------------------------------------+------+-------+-------+---------------+-----------+


3. Details of Regional Clocks
-----------------------------

4. Details of Multi-Regional Clocks
-----------------------------------

5. Details of I/O Clocks
------------------------

6. Details of Local Clocks
--------------------------

7. Clock Regions : Key Resource Utilization
-------------------------------------------

+-------------------+--------------+--------------+--------------+--------------+--------------+--------------+--------------+--------------+--------------+--------------+--------------+--------------+--------------+--------------+--------------+
|                   | Global Clock |     BUFRs    |    BUFMRs    |    BUFIOs    |     MMCM     |      PLL     |      GT      |      PCI     |    ILOGIC    |    OLOGIC    |      FF      |     LUTM     |    RAMB18    |    RAMB36    |    DSP48E1   |
+-------------------+------+-------+------+-------+------+-------+------+-------+------+-------+------+-------+------+-------+------+-------+------+-------+------+-------+------+-------+------+-------+------+-------+------+-------+------+-------+
| Clock Region Name | Used | Avail | Used | Avail | Used | Avail | Used | Avail | Used | Avail | Used | Avail | Used | Avail | Used | Avail | Used | Avail | Used | Avail | Used | Avail | Used | Avail | Used | Avail | Used | Avail | Used | Avail |
+-------------------+------+-------+------+-------+------+-------+------+-------+------+-------+------+-------+------+-------+------+-------+------+-------+------+-------+------+-------+------+-------+------+-------+------+-------+------+-------+
| X0Y0              |    0 |    12 |    0 |     4 |    0 |     2 |    0 |     4 |    0 |     1 |    0 |     1 |    0 |     0 |    0 |     0 |    0 |    50 |    0 |    50 |    0 | 32000 |    0 |  4600 |    0 |    60 |    0 |    30 |    0 |    60 |
| X1Y0              |    0 |    12 |    0 |     4 |    0 |     2 |    0 |     4 |    0 |     1 |    0 |     1 |    0 |     0 |    0 |     0 |    0 |    50 |    0 |    50 |    0 | 29600 |    0 |  4800 |    0 |    80 |    0 |    40 |    0 |    60 |
| X0Y1              |    2 |    12 |    0 |     4 |    0 |     2 |    0 |     4 |    0 |     1 |    0 |     1 |    0 |     0 |    0 |     0 |    0 |    50 |    0 |    50 |  495 | 32000 |   11 |  4600 |    0 |    60 |    4 |    30 |    0 |    60 |
| X1Y1              |    2 |    12 |    0 |     4 |    0 |     2 |    0 |     4 |    1 |     1 |    0 |     1 |    0 |     0 |    0 |     0 |    0 |    50 |    0 |    50 |    4 | 29600 |    0 |  4800 |    0 |    80 |    0 |    40 |    0 |    60 |
| X0Y2              |    4 |    12 |    0 |     4 |    0 |     2 |    0 |     4 |    0 |     1 |    0 |     1 |    0 |     0 |    0 |     0 |    0 |    50 |    0 |    50 | 3378 | 27200 |  348 |  4600 |    2 |    60 |   27 |    30 |    0 |    60 |
| X1Y2              |    1 |    12 |    0 |     4 |    0 |     2 |    0 |     4 |    0 |     1 |    0 |     1 |    0 |     0 |    0 |     0 |    0 |    50 |    0 |    50 |   16 | 29600 |    0 |  4800 |    0 |    80 |    0 |    40 |    0 |    60 |
| X0Y3              |    2 |    12 |    0 |     4 |    0 |     2 |    0 |     4 |    0 |     1 |    0 |     1 |    0 |     0 |    0 |     0 |    0 |    50 |    0 |    50 |  119 | 27200 |    4 |  4600 |    0 |    60 |    3 |    30 |    0 |    60 |
| X1Y3              |    0 |    12 |    0 |     0 |    0 |     0 |    0 |     0 |    0 |     0 |    0 |     0 |    0 |     5 |    0 |     1 |    0 |     0 |    0 |     0 |    0 | 25200 |    0 |  4200 |    0 |    50 |    0 |    25 |    0 |    60 |
| X0Y4              |    0 |    12 |    0 |     4 |    0 |     2 |    0 |     4 |    0 |     1 |    0 |     1 |    0 |     0 |    0 |     0 |    0 |    50 |    0 |    50 |    0 | 32000 |    0 |  4600 |    0 |    60 |    0 |    30 |    0 |    60 |
| X1Y4              |    0 |    12 |    0 |     0 |    0 |     0 |    0 |     0 |    0 |     0 |    0 |     0 |    0 |     5 |    0 |     0 |    0 |     0 |    0 |     0 |    0 | 26400 |    0 |  4400 |    0 |    60 |    0 |    30 |    0 |    60 |
| X0Y5              |    1 |    12 |    0 |     4 |    0 |     2 |    0 |     4 |    0 |     1 |    0 |     1 |    0 |     0 |    0 |     0 |    0 |    50 |    0 |    50 |    4 | 32000 |    0 |  4600 |    0 |    60 |    0 |    30 |    0 |    60 |
| X1Y5              |    0 |    12 |    0 |     0 |    0 |     0 |    0 |     0 |    0 |     0 |    0 |     0 |    0 |     5 |    0 |     0 |    0 |     0 |    0 |     0 |    0 | 26400 |    0 |  4400 |    0 |    60 |    0 |    30 |    0 |    60 |
| X0Y6              |    0 |    12 |    0 |     4 |    0 |     2 |    0 |     4 |    0 |     1 |    0 |     1 |    0 |     0 |    0 |     0 |    0 |    50 |    0 |    50 |    0 | 32000 |    0 |  4600 |    0 |    60 |    0 |    30 |    0 |    60 |
| X1Y6              |    0 |    12 |    0 |     0 |    0 |     0 |    0 |     0 |    0 |     0 |    0 |     0 |    0 |     5 |    0 |     0 |    0 |     0 |    0 |     0 |    0 | 26400 |    0 |  4400 |    0 |    60 |    0 |    30 |    0 |    60 |
+-------------------+------+-------+------+-------+------+-------+------+-------+------+-------+------+-------+------+-------+------+-------+------+-------+------+-------+------+-------+------+-------+------+-------+------+-------+------+-------+
* RAMB36 site can be used as two RAMB18/FIFO18 sites


8. Net wise resources used in clock region X0Y1
-----------------------------------------------

+-------------+-------------+-------+-----------+----------+---------+-----------+---------+---------+-----+-------+----------+----------------------------------+
| Source Type | BUFHCE Site | Fixed | MMCM Pins | PLL Pins | GT Pins | BRAM Pins | ILOGICs | OLOGICs | FFs | LUTMs | DSP48E1s |          Clock Net Name          |
+-------------+-------------+-------+-----------+----------+---------+-----------+---------+---------+-----+-------+----------+----------------------------------+
| BUFG        |     ---     |   no  |         0 |        0 |       0 |         0 |       0 |       0 | 132 |     0 |        0 | system_i/clk_wiz_1/inst/clk_out2 |
| BUFG        |     ---     |   no  |         0 |        0 |       0 |         8 |       0 |       0 | 363 |    11 |        0 | system_i/clk_wiz_1/inst/clk_out1 |
+-------------+-------------+-------+-----------+----------+---------+-----------+---------+---------+-----+-------+----------+----------------------------------+


9. Net wise resources used in clock region X1Y1
-----------------------------------------------

+-------------+-------------+-------+-----------+----------+---------+-----------+---------+---------+-----+-------+----------+---------------------------------------------------------+
| Source Type | BUFHCE Site | Fixed | MMCM Pins | PLL Pins | GT Pins | BRAM Pins | ILOGICs | OLOGICs | FFs | LUTMs | DSP48E1s |                      Clock Net Name                     |
+-------------+-------------+-------+-----------+----------+---------+-----------+---------+---------+-----+-------+----------+---------------------------------------------------------+
| BUFG        |     ---     |   no  |         1 |        0 |       0 |         0 |       0 |       0 |   0 |     0 |        0 | system_i/clk_wiz_1/inst/clkfbout_buf_system_clk_wiz_1_0 |
| BUFG        |     ---     |   no  |         0 |        0 |       0 |         0 |       0 |       0 |   4 |     0 |        0 | system_i/clk_wiz_1/inst/clk_out1                        |
+-------------+-------------+-------+-----------+----------+---------+-----------+---------+---------+-----+-------+----------+---------------------------------------------------------+


10. Net wise resources used in clock region X0Y2
------------------------------------------------

+-------------+-------------+-------+-----------+----------+---------+-----------+---------+---------+------+-------+----------+-----------------------------------+
| Source Type | BUFHCE Site | Fixed | MMCM Pins | PLL Pins | GT Pins | BRAM Pins | ILOGICs | OLOGICs |  FFs | LUTMs | DSP48E1s |           Clock Net Name          |
+-------------+-------------+-------+-----------+----------+---------+-----------+---------+---------+------+-------+----------+-----------------------------------+
| BUFG        |     ---     |   no  |         0 |        0 |       0 |         0 |       0 |       0 |   41 |     0 |        0 | system_i/mdm_1/U0/Ext_JTAG_UPDATE |
| BUFG        |     ---     |   no  |         0 |        0 |       0 |         0 |       0 |       0 |  153 |    22 |        0 | system_i/mdm_1/U0/Ext_JTAG_DRCK   |
| BUFG        |     ---     |   no  |         0 |        0 |       0 |         2 |       0 |       0 |  269 |     0 |        0 | system_i/clk_wiz_1/inst/clk_out2  |
| BUFG        |     ---     |   no  |         0 |        0 |       0 |        56 |       0 |       0 | 2915 |   326 |        0 | system_i/clk_wiz_1/inst/clk_out1  |
+-------------+-------------+-------+-----------+----------+---------+-----------+---------+---------+------+-------+----------+-----------------------------------+


11. Net wise resources used in clock region X1Y2
------------------------------------------------

+-------------+-------------+-------+-----------+----------+---------+-----------+---------+---------+-----+-------+----------+----------------------------------+
| Source Type | BUFHCE Site | Fixed | MMCM Pins | PLL Pins | GT Pins | BRAM Pins | ILOGICs | OLOGICs | FFs | LUTMs | DSP48E1s |          Clock Net Name          |
+-------------+-------------+-------+-----------+----------+---------+-----------+---------+---------+-----+-------+----------+----------------------------------+
| BUFG        |     ---     |   no  |         0 |        0 |       0 |         0 |       0 |       0 |  16 |     0 |        0 | system_i/clk_wiz_1/inst/clk_out1 |
+-------------+-------------+-------+-----------+----------+---------+-----------+---------+---------+-----+-------+----------+----------------------------------+


12. Net wise resources used in clock region X0Y3
------------------------------------------------

+-------------+-------------+-------+-----------+----------+---------+-----------+---------+---------+-----+-------+----------+----------------------------------+
| Source Type | BUFHCE Site | Fixed | MMCM Pins | PLL Pins | GT Pins | BRAM Pins | ILOGICs | OLOGICs | FFs | LUTMs | DSP48E1s |          Clock Net Name          |
+-------------+-------------+-------+-----------+----------+---------+-----------+---------+---------+-----+-------+----------+----------------------------------+
| BUFG        |     ---     |   no  |         0 |        0 |       0 |         6 |       0 |       0 |  24 |     0 |        0 | system_i/clk_wiz_1/inst/clk_out1 |
| BUFG        |     ---     |   no  |         0 |        0 |       0 |         0 |       0 |       0 |  95 |     4 |        0 | system_i/mdm_1/U0/Ext_JTAG_DRCK  |
+-------------+-------------+-------+-----------+----------+---------+-----------+---------+---------+-----+-------+----------+----------------------------------+


13. Net wise resources used in clock region X0Y5
------------------------------------------------

+-------------+-------------+-------+-----------+----------+---------+-----------+---------+---------+-----+-------+----------+----------------------------------+
| Source Type | BUFHCE Site | Fixed | MMCM Pins | PLL Pins | GT Pins | BRAM Pins | ILOGICs | OLOGICs | FFs | LUTMs | DSP48E1s |          Clock Net Name          |
+-------------+-------------+-------+-----------+----------+---------+-----------+---------+---------+-----+-------+----------+----------------------------------+
| BUFG        |     ---     |   no  |         0 |        0 |       0 |         0 |       0 |       0 |   4 |     0 |        0 | system_i/clk_wiz_1/inst/clk_out1 |
+-------------+-------------+-------+-----------+----------+---------+-----------+---------+---------+-----+-------+----------+----------------------------------+



# Location of BUFG Primitives 
set_property LOC BUFGCTRL_X0Y1 [get_cells system_i/clk_wiz_1/inst/clkout1_buf]
set_property LOC BUFGCTRL_X0Y0 [get_cells system_i/clk_wiz_1/inst/clkout2_buf]
set_property LOC BUFGCTRL_X0Y4 [get_cells system_i/clk_wiz_1/inst/clkf_buf]
set_property LOC BUFGCTRL_X0Y2 [get_cells system_i/mdm_1/U0/No_Dbg_Reg_Access.BUFG_DRCK]
set_property LOC BUFGCTRL_X0Y3 [get_cells system_i/mdm_1/U0/Ext_JTAG_UPDATE_BUFG_inst]

# Location of IO Clock Primitives

# Location of MMCM Clock Primitives
set_property LOC MMCME2_ADV_X1Y1 [get_cells system_i/clk_wiz_1/inst/mmcm_adv_inst]

# Location of BUFH Clock Primitives

# Location of BUFR Clock Primitives

# Location of BUFMR Clock Primitives

# Location of PLL Clock Primitives

# Location of IO Primitives which is load of clock spine

# Location of clock ports
set_property LOC IOB_X1Y75 [get_ports sys_diff_clock_clk_n]
set_property LOC IOB_X1Y76 [get_ports sys_diff_clock_clk_p]

# Clock net "system_i/clk_wiz_1/inst/clk_out1" driven by instance "system_i/clk_wiz_1/inst/clkout1_buf" located at site "BUFGCTRL_X0Y1"
#startgroup
create_pblock CLKAG_system_i/clk_wiz_1/inst/clk_out1
add_cells_to_pblock [get_pblocks  CLKAG_system_i/clk_wiz_1/inst/clk_out1] [get_cells  -filter { IS_PRIMITIVE==1 && PRIMITIVE_LEVEL !=INTERNAL } -of_object [get_pins -filter {DIRECTION==IN} -of_objects [get_nets -hierarchical -filter {PARENT=="system_i/clk_wiz_1/inst/clk_out1"}]]]
resize_pblock [get_pblocks CLKAG_system_i/clk_wiz_1/inst/clk_out1] -add {CLOCKREGION_X0Y0:CLOCKREGION_X0Y0 CLOCKREGION_X0Y1:CLOCKREGION_X0Y1 CLOCKREGION_X0Y2:CLOCKREGION_X0Y2 CLOCKREGION_X0Y3:CLOCKREGION_X0Y3 CLOCKREGION_X0Y4:CLOCKREGION_X0Y4 CLOCKREGION_X0Y5:CLOCKREGION_X0Y5 CLOCKREGION_X0Y6:CLOCKREGION_X0Y6 CLOCKREGION_X1Y0:CLOCKREGION_X1Y0 CLOCKREGION_X1Y1:CLOCKREGION_X1Y1 CLOCKREGION_X1Y2:CLOCKREGION_X1Y2 CLOCKREGION_X1Y3:CLOCKREGION_X1Y3 CLOCKREGION_X1Y4:CLOCKREGION_X1Y4 CLOCKREGION_X1Y5:CLOCKREGION_X1Y5 CLOCKREGION_X1Y6:CLOCKREGION_X1Y6}
#endgroup

# Clock net "system_i/clk_wiz_1/inst/clk_out2" driven by instance "system_i/clk_wiz_1/inst/clkout2_buf" located at site "BUFGCTRL_X0Y0"
#startgroup
create_pblock CLKAG_system_i/clk_wiz_1/inst/clk_out2
add_cells_to_pblock [get_pblocks  CLKAG_system_i/clk_wiz_1/inst/clk_out2] [get_cells  -filter { IS_PRIMITIVE==1 && PRIMITIVE_LEVEL !=INTERNAL } -of_object [get_pins -filter {DIRECTION==IN} -of_objects [get_nets -hierarchical -filter {PARENT=="system_i/clk_wiz_1/inst/clk_out2"}]]]
resize_pblock [get_pblocks CLKAG_system_i/clk_wiz_1/inst/clk_out2] -add {CLOCKREGION_X0Y0:CLOCKREGION_X0Y0 CLOCKREGION_X0Y1:CLOCKREGION_X0Y1 CLOCKREGION_X0Y2:CLOCKREGION_X0Y2 CLOCKREGION_X0Y3:CLOCKREGION_X0Y3 CLOCKREGION_X0Y4:CLOCKREGION_X0Y4 CLOCKREGION_X0Y5:CLOCKREGION_X0Y5 CLOCKREGION_X0Y6:CLOCKREGION_X0Y6 CLOCKREGION_X1Y0:CLOCKREGION_X1Y0 CLOCKREGION_X1Y1:CLOCKREGION_X1Y1 CLOCKREGION_X1Y2:CLOCKREGION_X1Y2 CLOCKREGION_X1Y3:CLOCKREGION_X1Y3 CLOCKREGION_X1Y4:CLOCKREGION_X1Y4 CLOCKREGION_X1Y5:CLOCKREGION_X1Y5 CLOCKREGION_X1Y6:CLOCKREGION_X1Y6}
#endgroup

# Clock net "system_i/mdm_1/U0/Ext_JTAG_DRCK" driven by instance "system_i/mdm_1/U0/No_Dbg_Reg_Access.BUFG_DRCK" located at site "BUFGCTRL_X0Y2"
#startgroup
create_pblock CLKAG_system_i/mdm_1/U0/Ext_JTAG_DRCK
add_cells_to_pblock [get_pblocks  CLKAG_system_i/mdm_1/U0/Ext_JTAG_DRCK] [get_cells  -filter { IS_PRIMITIVE==1 && PRIMITIVE_LEVEL !=INTERNAL } -of_object [get_pins -filter {DIRECTION==IN} -of_objects [get_nets -hierarchical -filter {PARENT=="system_i/mdm_1/U0/Ext_JTAG_DRCK"}]]]
resize_pblock [get_pblocks CLKAG_system_i/mdm_1/U0/Ext_JTAG_DRCK] -add {CLOCKREGION_X0Y0:CLOCKREGION_X0Y0 CLOCKREGION_X0Y1:CLOCKREGION_X0Y1 CLOCKREGION_X0Y2:CLOCKREGION_X0Y2 CLOCKREGION_X0Y3:CLOCKREGION_X0Y3 CLOCKREGION_X0Y4:CLOCKREGION_X0Y4 CLOCKREGION_X0Y5:CLOCKREGION_X0Y5 CLOCKREGION_X0Y6:CLOCKREGION_X0Y6 CLOCKREGION_X1Y0:CLOCKREGION_X1Y0 CLOCKREGION_X1Y1:CLOCKREGION_X1Y1 CLOCKREGION_X1Y2:CLOCKREGION_X1Y2 CLOCKREGION_X1Y3:CLOCKREGION_X1Y3 CLOCKREGION_X1Y4:CLOCKREGION_X1Y4 CLOCKREGION_X1Y5:CLOCKREGION_X1Y5 CLOCKREGION_X1Y6:CLOCKREGION_X1Y6}
#endgroup

# Clock net "system_i/mdm_1/U0/Ext_JTAG_UPDATE" driven by instance "system_i/mdm_1/U0/Ext_JTAG_UPDATE_BUFG_inst" located at site "BUFGCTRL_X0Y3"
#startgroup
create_pblock CLKAG_system_i/mdm_1/U0/Ext_JTAG_UPDATE
add_cells_to_pblock [get_pblocks  CLKAG_system_i/mdm_1/U0/Ext_JTAG_UPDATE] [get_cells  -filter { IS_PRIMITIVE==1 && PRIMITIVE_LEVEL !=INTERNAL } -of_object [get_pins -filter {DIRECTION==IN} -of_objects [get_nets -hierarchical -filter {PARENT=="system_i/mdm_1/U0/Ext_JTAG_UPDATE"}]]]
resize_pblock [get_pblocks CLKAG_system_i/mdm_1/U0/Ext_JTAG_UPDATE] -add {CLOCKREGION_X0Y0:CLOCKREGION_X0Y0 CLOCKREGION_X0Y1:CLOCKREGION_X0Y1 CLOCKREGION_X0Y2:CLOCKREGION_X0Y2 CLOCKREGION_X0Y3:CLOCKREGION_X0Y3 CLOCKREGION_X0Y4:CLOCKREGION_X0Y4 CLOCKREGION_X0Y5:CLOCKREGION_X0Y5 CLOCKREGION_X0Y6:CLOCKREGION_X0Y6 CLOCKREGION_X1Y0:CLOCKREGION_X1Y0 CLOCKREGION_X1Y1:CLOCKREGION_X1Y1 CLOCKREGION_X1Y2:CLOCKREGION_X1Y2 CLOCKREGION_X1Y3:CLOCKREGION_X1Y3 CLOCKREGION_X1Y4:CLOCKREGION_X1Y4 CLOCKREGION_X1Y5:CLOCKREGION_X1Y5 CLOCKREGION_X1Y6:CLOCKREGION_X1Y6}
#endgroup
